Nisheet@Nisheet MINGW64 ~/desktop/mathguru
$ git clone https://github.com/deepuvariyangattil/MathGuru.git
Cloning into 'MathGuru'...
remote: Enumerating objects: 15, done.
remote: Counting objects: 100% (15/15), done.
remote: Compressing objects: 100% (13/13), done.
remote: Total 15 (delta 2), reused 12 (delta 1), pack-reused 0
Unpacking objects: 100% (15/15), done.

Nisheet@Nisheet MINGW64 ~/desktop/mathguru
$ cd mathguru

Nisheet@Nisheet MINGW64 ~/desktop/mathguru/mathguru (master)
$ git status
On branch master
Your branch is up to date with 'origin/master'.

nothing to commit, working tree clean

Nisheet@Nisheet MINGW64 ~/desktop/mathguru/mathguru (master)
$ git checkout -b nisheet
Switched to a new branch 'nisheet'

Nisheet@Nisheet MINGW64 ~/desktop/mathguru/MathGuru (nisheet)
$ git add MathGuru.java


Nisheet@Nisheet MINGW64 ~/desktop/mathguru/MathGuru (nisheet)
$ git add Gitcommandsnisheet.txt

Nisheet@Nisheet MINGW64 ~/desktop/mathguru/MathGuru (nisheet)
$ git status
On branch nisheet
Changes to be committed:
  (use "git reset HEAD <file>..." to unstage)

        new file:   Gitcommandsnisheet.txt
        modified:   MathGuru.java

Nisheet@Nisheet MINGW64 ~/desktop/mathguru/MathGuru (nisheet)
$ git commit -a
[nisheet f504638]  On branch nisheet  Changes to be committed:  new file:   Gitc                      ommandsnisheet.txt      modified:   MathGuru.java
 2 files changed, 30 insertions(+)
 create mode 100644 Gitcommandsnisheet.txt

Nisheet@Nisheet MINGW64 ~/desktop/mathguru/MathGuru (nisheet)
$ git push origin nisheet
Counting objects: 4, done.
Delta compression using up to 4 threads.
Compressing objects: 100% (4/4), done.
Writing objects: 100% (4/4), 896 bytes | 896.00 KiB/s, done.
Total 4 (delta 1), reused 0 (delta 0)
remote: Resolving deltas: 100% (1/1), completed with 1 local object.
To https://github.com/deepuvariyangattil/MathGuru.git
   167496e..f504638  nisheet -> nisheet

